// Jest Snapshot v1, https://goo.gl/fbAQLP

exports[`<SignUp /> renders and matches snapshot 1`] = `
<div>
  <form
    class="Form-sc-1xszr8q-0 hVEEdl"
    method="post"
  >
    <h2>
      Sign Up Your Account
    </h2>
    <fieldset>
      <label
        for="name"
      >
        Your Name
        <input
          autocomplete="name"
          name="name"
          placeholder="Your Name"
          type="text"
          value=""
        />
      </label>
      <label
        for="email"
      >
        Email
        <input
          autocomplete="email"
          name="email"
          placeholder="Your Email Address"
          type="email"
          value=""
        />
      </label>
      <label
        for="Password"
      >
        Password
        <input
          autocomplete="password"
          name="password"
          placeholder="Password"
          type="password"
          value=""
        />
      </label>
      <button
        type="submit"
      >
        Sign Up!
      </button>
    </fieldset>
  </form>
</div>
`;
